// Jest Snapshot v1, https://goo.gl/fbAQLP

exports[`<App> should load snapshot test 1`] = `
<BrowserRouter>
  <div
    className="app-style"
  >
    <Route
      component={[Function]}
      exact={true}
      path="/"
    />
    <Route
      component={[Function]}
      exact={true}
      path="/womens-top"
    />
  </div>
</BrowserRouter>
`;
